<html>
<body>
<pre>
<h1>µVision Build Log</h1>
<h2>Tool Versions:</h2>
IDE-Version: ¦ÌVision V5.38.0.0
Copyright (C) 2022 ARM Ltd and ARM Germany GmbH. All rights reserved.
License Information: Qi Zhi Xu, UESTC, LIC=VGXG8-3GBYJ-Z99G9-4MB9H-IEFB1-NUHPG
 
Tool Versions:
Toolchain:       MDK-ARM Plus  Version: 5.38.0.0
Toolchain Path:  C:\Keil_v5\ARM\ARMCC\Bin
C Compiler:      Armcc.exe V5.06 update 7 (build 960)
Assembler:       Armasm.exe V5.06 update 7 (build 960)
Linker/Locator:  ArmLink.exe V5.06 update 7 (build 960)
Library Manager: ArmAr.exe V5.06 update 7 (build 960)
Hex Converter:   FromElf.exe V5.06 update 7 (build 960)
CPU DLL:         SARMCM3.DLL V5.38.0.0
Dialog DLL:      DCM.DLL V1.17.5.0
Target DLL:      CMSIS_AGDI.dll V1.33.15.0
Dialog DLL:      TCM.DLL V1.56.4.0
 
<h2>Project:</h2>
D:\Project\stm32_series\407vet6_imu_car\Software\MDK-ARM\407vet6_imu_car.uvprojx
Project File Date:  03/12/2025

<h2>Output:</h2>
*** Using Compiler 'V5.06 update 7 (build 960)', folder: 'C:\Keil_v5\ARM\ARMCC\Bin'
Build target '407vet6_imu_car'
compiling tb6612.c...
..\Core\Src\tb6612.c(189): warning:  #1035-D: single-precision operand implicitly converted to double-precision
  	if (Angle_Data.roll <= 0.0 && Angle_Data.roll >= -180.0)
..\Core\Src\tb6612.c(191): warning:  #1035-D: single-precision operand implicitly converted to double-precision
  		Real_angle = 360.0+Angle_Data.roll;
..\Core\Src\tb6612.c: 2 warnings, 0 errors
linking...
Program Size: Code=32264 RO-data=22216 RW-data=1668 ZI-data=3244  
FromELF: creating hex file...
After Build - User command #1: D:\Project\stm32_series\407vet6_imu_car\Software\MDK-ARM\Keil5_disp_size_bar_v0.4.exe
[Keil5_disp_size_bar V0.4]: find project satrt!
[Keil5_disp_size_bar V0.4]: Found file: .//407vet6_imu_car.uvprojx
[Keil5_disp_size_bar V0.4]: Found file: .//407vet6_imu_car.uvprojx
[Keil5_disp_size_bar V0.4]: find map file start
[Keil5_disp_size_bar V0.4]: Found file: .//407vet6_imu_car/407vet6_imu_car.map
[Keil5_disp_size_bar V0.4]: map file read end
ram:
  112 KB   ram1:|____________________|  4.28 % (    4.80 KB /   112.00 KB) [109776 B]
   16 KB   ram2:|____________________|  0.00 % (    0.00 KB /    16.00 KB) [16384 B]
flash:
  512 KB flash1:|¡ö¡ö__________________| 10.39 % (   53.20 KB /   512.00 KB) [469808 B]
 
"407vet6_imu_car\407vet6_imu_car.axf" - 0 Error(s), 2 Warning(s).

<h2>Software Packages used:</h2>

Package Vendor: ARM
                http://www.keil.com/pack/ARM.CMSIS.5.9.0.pack
                ARM.CMSIS.5.9.0
                CMSIS (Common Microcontroller Software Interface Standard)
   * Component: CORE Version: 5.6.0

Package Vendor: Keil
                https://www.keil.com/pack/Keil.STM32F4xx_DFP.3.0.0.pack
                Keil.STM32F4xx_DFP.3.0.0
                STMicroelectronics STM32F4 Series Device Support

<h2>Collection of Component include folders:</h2>
  ./RTE/_407vet6_imu_car
  C:/Users/Lenovo/AppData/Local/Arm/Packs/ARM/CMSIS/5.9.0/CMSIS/Core/Include

<h2>Collection of Component Files used:</h2>

   * Component: ARM::CMSIS:CORE:5.6.0
      Include file:  CMSIS/Core/Include/tz_context.h
Build Time Elapsed:  00:00:06
</pre>
</body>
</html>
