<html>
<body>
<pre>
<h1>礦ision Build Log</h1>
<h2>Tool Versions:</h2>
IDE-Version: μVision V5.38.0.0
Copyright (C) 2022 ARM Ltd and ARM Germany GmbH. All rights reserved.
License Information: Qi Zhi Xu, UESTC, LIC=VGXG8-3GBYJ-Z99G9-4MB9H-IEFB1-NUHPG
 
Tool Versions:
Toolchain:       MDK-ARM Plus  Version: 5.38.0.0
Toolchain Path:  C:\Keil_v5\ARM\ARMCC\Bin
C Compiler:      Armcc.exe V5.06 update 7 (build 960)
Assembler:       Armasm.exe V5.06 update 7 (build 960)
Linker/Locator:  ArmLink.exe V5.06 update 7 (build 960)
Library Manager: ArmAr.exe V5.06 update 7 (build 960)
Hex Converter:   FromElf.exe V5.06 update 7 (build 960)
CPU DLL:         SARMCM3.DLL V5.38.0.0
Dialog DLL:      DCM.DLL V1.17.5.0
Target DLL:      CMSIS_AGDI.dll V1.33.15.0
Dialog DLL:      TCM.DLL V1.56.4.0
 
<h2>Project:</h2>
D:\407vet6_imu_car\Softward\MDK-ARM\407vet6_imu_car.uvprojx
Project File Date:  02/18/2025

<h2>Output:</h2>
*** Using Compiler 'V5.06 update 7 (build 960)', folder: 'C:\Keil_v5\ARM\ARMCC\Bin'
Build target '407vet6_imu_car'
compiling UI.c...
../Core/Inc/UI.h(43): warning:  #1-D: last line of file ends without a newline
  #endif
..\Core\Src\UI.c(96): warning:  #177-D: variable "Pointer_Color"  was declared but never referenced
  		uint16_t Pointer_Color = LIGHTBLUE;
..\Core\Src\UI.c(132): warning:  #767-D: conversion from pointer to smaller integer
  							LCD_ShowChar(110, 110, (uint8_t)"Undefined", WHITE, DARKBLUE, 24, 0);  //居中显示
..\Core\Src\UI.c(144): warning:  #767-D: conversion from pointer to smaller integer
  							LCD_ShowChar(110, 110, (uint8_t)"Undefined", WHITE, DARKBLUE, 24, 0);  //居中显示
..\Core\Src\UI.c(162): warning:  #767-D: conversion from pointer to smaller integer
  					LCD_ShowChar(110, 110, (uint8_t)"Can't Back", WHITE, DARKBLUE, 24, 0);  //居中显示
..\Core\Src\UI.c: 5 warnings, 0 errors
linking...
Program Size: Code=22380 RO-data=19540 RW-data=968 ZI-data=2784  
FromELF: creating hex file...
"407vet6_imu_car\407vet6_imu_car.axf" - 0 Error(s), 5 Warning(s).

<h2>Software Packages used:</h2>

Package Vendor: ARM
                http://www.keil.com/pack/ARM.CMSIS.5.9.0.pack
                ARM.CMSIS.5.9.0
                CMSIS (Common Microcontroller Software Interface Standard)
   * Component: CORE Version: 5.6.0

Package Vendor: Keil
                https://www.keil.com/pack/Keil.STM32F4xx_DFP.3.0.0.pack
                Keil.STM32F4xx_DFP.3.0.0
                STMicroelectronics STM32F4 Series Device Support

<h2>Collection of Component include folders:</h2>
  ./RTE/_407vet6_imu_car
  C:/Users/Lenovo/AppData/Local/Arm/Packs/ARM/CMSIS/5.9.0/CMSIS/Core/Include

<h2>Collection of Component Files used:</h2>

   * Component: ARM::CMSIS:CORE:5.6.0
      Include file:  CMSIS/Core/Include/tz_context.h
Build Time Elapsed:  00:00:02
</pre>
</body>
</html>
