<html>
<body>
<pre>
<h1>µVision Build Log</h1>
<h2>Tool Versions:</h2>
IDE-Version: ¦ÌVision V5.35.0.0
Copyright (C) 2021 ARM Ltd and ARM Germany GmbH. All rights reserved.
License Information: 1 19963184475@163.com, 1, LIC=BUURY-IGFVN-56MQ2-90586-DRA7E-LAXH9
 
Tool Versions:
Toolchain:       MDK-ARM Plus  Version: 5.35.0.2
Toolchain Path:  D:\Keil_v5\ARM\ARMCC\Bin
C Compiler:      Armcc.exe V5.06 update 7 (build 960)
Assembler:       Armasm.exe V5.06 update 7 (build 960)
Linker/Locator:  ArmLink.exe V5.06 update 7 (build 960)
Library Manager: ArmAr.exe V5.06 update 7 (build 960)
Hex Converter:   FromElf.exe V5.06 update 7 (build 960)
CPU DLL:         SARMCM3.DLL V5.35.0.2
Dialog DLL:      DCM.DLL V1.17.3.0
Target DLL:      CMSIS_AGDI.dll V1.33.0.0
Dialog DLL:      TCM.DLL V1.53.0.0
 
<h2>Project:</h2>
D:\stm32cubemx\git\car1.0.4\Softward\MDK-ARM\407vet6_imu_car.uvprojx
Project File Date:  02/28/2025

<h2>Output:</h2>
*** Using Compiler 'V5.06 update 7 (build 960)', folder: 'D:\Keil_v5\ARM\ARMCC\Bin'
Build target '407vet6_imu_car'
assembling startup_stm32f407xx.s...
compiling M24_EEPROM.c...
compiling dma.c...
compiling control.c...
compiling main.c...
../Core/Src/main.c(143): warning:  #1035-D: single-precision operand implicitly converted to double-precision
  			Motor_Distance(now_angle,56.8+i,9760);
../Core/Src/main.c(152): warning:  #1035-D: single-precision operand implicitly converted to double-precision
  				i+=0.5;
../Core/Src/main.c(153): warning:  #1035-D: single-precision operand implicitly converted to double-precision
  				if(i>1.4)i=1.4;
../Core/Src/main.c(172): warning:  #111-D: statement is unreachable
  			Motor_Off(Both);  //¹Øµç»ú
../Core/Src/main.c(139): warning:  #177-D: variable "turn"  was declared but never referenced
  		int turn=0;
../Core/Src/main.c: 5 warnings, 0 errors
compiling Delay.c...
compiling UI.c...
compiling lcd_init.c...
compiling ICM42688.c...
compiling ws2812.c...
compiling gpio.c...
compiling tb6612.c...
compiling Functions.c...
compiling lcd.c...
compiling spi.c...
compiling stm32f4xx_hal_msp.c...
compiling i2c.c...
compiling stm32f4xx_hal_i2c_ex.c...
compiling stm32f4xx_hal_flash_ex.c...
compiling stm32f4xx_it.c...
compiling usart.c...
compiling stm32f4xx_hal_flash_ramfunc.c...
compiling tim.c...
compiling stm32f4xx_hal_rcc_ex.c...
compiling stm32f4xx_hal_flash.c...
compiling stm32f4xx_hal_rcc.c...
compiling stm32f4xx_hal_i2c.c...
compiling stm32f4xx_hal_gpio.c...
compiling stm32f4xx_hal_pwr_ex.c...
compiling stm32f4xx_hal_dma_ex.c...
compiling stm32f4xx_hal_cortex.c...
compiling stm32f4xx_hal.c...
compiling stm32f4xx_hal_exti.c...
compiling stm32f4xx_hal_pwr.c...
compiling stm32f4xx_hal_dma.c...
compiling stm32f4xx_hal_spi.c...
compiling stm32f4xx_hal_tim_ex.c...
compiling system_stm32f4xx.c...
compiling stm32f4xx_hal_uart.c...
compiling stm32f4xx_hal_tim.c...
compiling angle.c...
compiling filter.c...
compiling HANA_math.c...
linking...
Program Size: Code=29572 RO-data=19644 RW-data=1552 ZI-data=3240  
FromELF: creating hex file...
"407vet6_imu_car\407vet6_imu_car.axf" - 0 Error(s), 5 Warning(s).

<h2>Software Packages used:</h2>

Package Vendor: ARM
                http://www.keil.com/pack/ARM.CMSIS.5.8.0.pack
                ARM.CMSIS.5.8.0
                CMSIS (Common Microcontroller Software Interface Standard)
   * Component: CORE Version: 5.5.0

Package Vendor: Keil
                https://www.keil.com/pack/Keil.STM32F4xx_DFP.3.0.0.pack
                Keil.STM32F4xx_DFP.3.0.0
                STMicroelectronics STM32F4 Series Device Support

<h2>Collection of Component include folders:</h2>
  .\RTE\_407vet6_imu_car
  C:\Users\19963\AppData\Local\Arm\Packs\ARM\CMSIS\5.8.0\CMSIS\Core\Include

<h2>Collection of Component Files used:</h2>

   * Component: ARM::CMSIS:CORE:5.5.0
      Include file:  CMSIS\Core\Include\tz_context.h
Build Time Elapsed:  00:00:14
</pre>
</body>
</html>
