<html>
<body>
<pre>
<h1>µVision Build Log</h1>
<h2>Tool Versions:</h2>
IDE-Version: ¦ÌVision V5.35.0.0
Copyright (C) 2021 ARM Ltd and ARM Germany GmbH. All rights reserved.
License Information: 1 19963184475@163.com, 1, LIC=BUURY-IGFVN-56MQ2-90586-DRA7E-LAXH9
 
Tool Versions:
Toolchain:       MDK-ARM Plus  Version: 5.35.0.2
Toolchain Path:  D:\Keil_v5\ARM\ARMCC\Bin
C Compiler:      Armcc.exe V5.06 update 7 (build 960)
Assembler:       Armasm.exe V5.06 update 7 (build 960)
Linker/Locator:  ArmLink.exe V5.06 update 7 (build 960)
Library Manager: ArmAr.exe V5.06 update 7 (build 960)
Hex Converter:   FromElf.exe V5.06 update 7 (build 960)
CPU DLL:         SARMCM3.DLL V5.35.0.2
Dialog DLL:      DCM.DLL V1.17.3.0
Target DLL:      CMSIS_AGDI.dll V1.33.0.0
Dialog DLL:      TCM.DLL V1.53.0.0
 
<h2>Project:</h2>
D:\stm32cubemx\git\car1.0.4\Softward\MDK-ARM\407vet6_imu_car.uvprojx
Project File Date:  02/28/2025

<h2>Output:</h2>
*** Using Compiler 'V5.06 update 7 (build 960)', folder: 'D:\Keil_v5\ARM\ARMCC\Bin'
Build target '407vet6_imu_car'
compiling main.c...
../Core/Src/main.c(143): warning:  #1035-D: single-precision operand implicitly converted to double-precision
  			Motor_Distance(now_angle,59.0+i,9760);
../Core/Src/main.c(152): warning:  #1035-D: single-precision operand implicitly converted to double-precision
  				i+=0.6;
../Core/Src/main.c(153): warning:  #1035-D: single-precision operand implicitly converted to double-precision
  				if(i>1.8)i=1.8;
../Core/Src/main.c(172): warning:  #111-D: statement is unreachable
  			Motor_Off(Both);  //¹Øµç»ú
../Core/Src/main.c(139): warning:  #177-D: variable "turn"  was declared but never referenced
  		int turn=0;
../Core/Src/main.c(192): warning:  #1035-D: single-precision operand implicitly converted to double-precision
  			Motor_Distance(now_angle,59.0+i,9755);
../Core/Src/main.c(201): warning:  #1035-D: single-precision operand implicitly converted to double-precision
  				i+=0.5;
../Core/Src/main.c(237): warning:  #1035-D: single-precision operand implicitly converted to double-precision
  				i+=0.5;
../Core/Src/main.c(252): warning:  #1035-D: single-precision operand implicitly converted to double-precision
  				i+=0.5;
../Core/Src/main.c(253): warning:  #1035-D: single-precision operand implicitly converted to double-precision
  				if(i>1.4)i=1.4;
../Core/Src/main.c(268): warning:  #1035-D: single-precision operand implicitly converted to double-precision
  				i+=0.5;
../Core/Src/main.c(269): warning:  #1035-D: single-precision operand implicitly converted to double-precision
  				if(i>1.4)i=1.4;
../Core/Src/main.c(361): warning:  #177-D: variable "i"  was declared but never referenced
  	float i=0;
../Core/Src/main.c(362): warning:  #177-D: variable "now_angle"  was declared but never referenced
  	float now_angle=Angle_Data.yaw;
../Core/Src/main.c(363): warning:  #177-D: variable "turn"  was declared but never referenced
  	int turn=0;
../Core/Src/main.c: 15 warnings, 0 errors
linking...
Program Size: Code=29512 RO-data=19640 RW-data=1552 ZI-data=3240  
FromELF: creating hex file...
"407vet6_imu_car\407vet6_imu_car.axf" - 0 Error(s), 15 Warning(s).

<h2>Software Packages used:</h2>

Package Vendor: ARM
                http://www.keil.com/pack/ARM.CMSIS.5.8.0.pack
                ARM.CMSIS.5.8.0
                CMSIS (Common Microcontroller Software Interface Standard)
   * Component: CORE Version: 5.5.0

Package Vendor: Keil
                https://www.keil.com/pack/Keil.STM32F4xx_DFP.3.0.0.pack
                Keil.STM32F4xx_DFP.3.0.0
                STMicroelectronics STM32F4 Series Device Support

<h2>Collection of Component include folders:</h2>
  .\RTE\_407vet6_imu_car
  C:\Users\19963\AppData\Local\Arm\Packs\ARM\CMSIS\5.8.0\CMSIS\Core\Include

<h2>Collection of Component Files used:</h2>

   * Component: ARM::CMSIS:CORE:5.5.0
      Include file:  CMSIS\Core\Include\tz_context.h
Build Time Elapsed:  00:00:03
</pre>
</body>
</html>
